// Jest Snapshot v1, https://goo.gl/fbAQLP

exports[`Button ui 1`] = `
ShallowWrapper {
  "complexSelector": ComplexSelector {
    "buildPredicate": [Function],
    "childrenOfNode": [Function],
    "findWhereUnwrapped": [Function],
  },
  "length": 1,
  "node": <button
    className="btn btn-primary btn-lg btn-pill btn-block"
    disabled={true}
    href={undefined}
    onClick={[Function]}
    type="button"
/>,
  "nodes": Array [
    <button
      className="btn btn-primary btn-lg btn-pill btn-block"
      disabled={true}
      href={undefined}
      onClick={[Function]}
      type="button"
/>,
  ],
  "options": Object {},
  "renderer": ReactShallowRenderer {
    "_instance": ShallowComponentWrapper {
      "_calledComponentWillUnmount": false,
      "_compositeType": 1,
      "_context": Object {},
      "_currentElement": <Button
        block={true}
        disabled={true}
        onClick={[Function]}
        outline={false}
        shape="pill"
        size="lg"
        theme="primary"
/>,
      "_debugID": 1,
      "_hostContainerInfo": null,
      "_hostParent": null,
      "_instance": Button {
        "_reactInternalInstance": [Circular],
        "context": Object {},
        "props": Object {
          "block": true,
          "disabled": true,
          "onClick": [Function],
          "outline": false,
          "shape": "pill",
          "size": "lg",
          "theme": "primary",
        },
        "refs": Object {},
        "state": Object {
          "Tag": "button",
        },
        "updater": Object {
          "enqueueCallback": [Function],
          "enqueueCallbackInternal": [Function],
          "enqueueElementInternal": [Function],
          "enqueueForceUpdate": [Function],
          "enqueueReplaceState": [Function],
          "enqueueSetState": [Function],
          "isMounted": [Function],
          "validateCallback": [Function],
        },
      },
      "_mountOrder": 1,
      "_pendingCallbacks": null,
      "_pendingElement": null,
      "_pendingForceUpdate": false,
      "_pendingReplaceState": false,
      "_pendingStateQueue": null,
      "_renderedComponent": NoopInternalComponent {
        "_currentElement": <button
          className="btn btn-primary btn-lg btn-pill btn-block"
          disabled={true}
          href={undefined}
          onClick={[Function]}
          type="button"
/>,
        "_debugID": 2,
        "_renderedOutput": <button
          className="btn btn-primary btn-lg btn-pill btn-block"
          disabled={true}
          href={undefined}
          onClick={[Function]}
          type="button"
/>,
      },
      "_renderedNodeType": 0,
      "_rootNodeID": 0,
      "_topLevelWrapper": null,
      "_updateBatchNumber": null,
      "_warnedAboutRefsInRender": false,
    },
    "getRenderOutput": [Function],
    "render": [Function],
  },
  "root": [Circular],
  "unrendered": <Button
    block={true}
    disabled={true}
    onClick={[Function]}
    outline={false}
    shape="pill"
    size="lg"
    theme="primary"
/>,
}
`;
