// Jest Snapshot v1, https://goo.gl/fbAQLP

exports[`CheckboxGroup ui 1`] = `
ShallowWrapper {
  "complexSelector": ComplexSelector {
    "buildPredicate": [Function],
    "childrenOfNode": [Function],
    "findWhereUnwrapped": [Function],
  },
  "length": 1,
  "node": <div
    className="checkbox-inline"
    defaultValue={
        Array [
            "basketball",
            "football",
          ]
    }
    disabled={false}
>
    <Checkbox
        checked={true}
        disabled={false}
        onChange={[Function]}
        value="basketball"
    >
        basketball
    </Checkbox>
    <Checkbox
        checked={true}
        disabled={false}
        onChange={[Function]}
        value="football"
    >
        football
    </Checkbox>
    <Checkbox
        checked={false}
        disabled={false}
        onChange={[Function]}
        value="volleyball"
    >
        volleyball
    </Checkbox>
</div>,
  "nodes": Array [
    <div
      className="checkbox-inline"
      defaultValue={
            Array [
                  "basketball",
                  "football",
                ]
      }
      disabled={false}
>
      <Checkbox
            checked={true}
            disabled={false}
            onChange={[Function]}
            value="basketball"
      >
            basketball
      </Checkbox>
      <Checkbox
            checked={true}
            disabled={false}
            onChange={[Function]}
            value="football"
      >
            football
      </Checkbox>
      <Checkbox
            checked={false}
            disabled={false}
            onChange={[Function]}
            value="volleyball"
      >
            volleyball
      </Checkbox>
</div>,
  ],
  "options": Object {},
  "renderer": ReactShallowRenderer {
    "_instance": ShallowComponentWrapper {
      "_calledComponentWillUnmount": false,
      "_compositeType": 1,
      "_context": Object {},
      "_currentElement": <CheckboxGroup
        defaultValue={
                Array [
                        "basketball",
                        "football",
                      ]
        }
        direction="row"
        disabled={false}
        onChange={[Function]}
>
        <Checkbox
                disabled={false}
        >
                basketball
        </Checkbox>
        <Checkbox
                disabled={false}
        >
                football
        </Checkbox>
        <Checkbox
                disabled={false}
        >
                volleyball
        </Checkbox>
</CheckboxGroup>,
      "_debugID": 1,
      "_hostContainerInfo": null,
      "_hostParent": null,
      "_instance": CheckboxGroup {
        "_reactInternalInstance": [Circular],
        "context": Object {},
        "isPuppet": false,
        "onChangeHandle": [Function],
        "props": Object {
          "children": Array [
            <Checkbox
              disabled={false}
>
              basketball
</Checkbox>,
            <Checkbox
              disabled={false}
>
              football
</Checkbox>,
            <Checkbox
              disabled={false}
>
              volleyball
</Checkbox>,
          ],
          "defaultValue": Array [
            "basketball",
            "football",
          ],
          "direction": "row",
          "disabled": false,
          "onChange": [Function],
        },
        "refs": Object {},
        "state": Object {
          "value": Array [
            "basketball",
            "football",
          ],
        },
        "updater": Object {
          "enqueueCallback": [Function],
          "enqueueCallbackInternal": [Function],
          "enqueueElementInternal": [Function],
          "enqueueForceUpdate": [Function],
          "enqueueReplaceState": [Function],
          "enqueueSetState": [Function],
          "isMounted": [Function],
          "validateCallback": [Function],
        },
      },
      "_mountOrder": 1,
      "_pendingCallbacks": null,
      "_pendingElement": null,
      "_pendingForceUpdate": false,
      "_pendingReplaceState": false,
      "_pendingStateQueue": null,
      "_renderedComponent": NoopInternalComponent {
        "_currentElement": <div
          className="checkbox-inline"
          defaultValue={
                    Array [
                              "basketball",
                              "football",
                            ]
          }
          disabled={false}
>
          <Checkbox
                    checked={true}
                    disabled={false}
                    onChange={[Function]}
                    value="basketball"
          >
                    basketball
          </Checkbox>
          <Checkbox
                    checked={true}
                    disabled={false}
                    onChange={[Function]}
                    value="football"
          >
                    football
          </Checkbox>
          <Checkbox
                    checked={false}
                    disabled={false}
                    onChange={[Function]}
                    value="volleyball"
          >
                    volleyball
          </Checkbox>
</div>,
        "_debugID": 2,
        "_renderedOutput": <div
          className="checkbox-inline"
          defaultValue={
                    Array [
                              "basketball",
                              "football",
                            ]
          }
          disabled={false}
>
          <Checkbox
                    checked={true}
                    disabled={false}
                    onChange={[Function]}
                    value="basketball"
          >
                    basketball
          </Checkbox>
          <Checkbox
                    checked={true}
                    disabled={false}
                    onChange={[Function]}
                    value="football"
          >
                    football
          </Checkbox>
          <Checkbox
                    checked={false}
                    disabled={false}
                    onChange={[Function]}
                    value="volleyball"
          >
                    volleyball
          </Checkbox>
</div>,
      },
      "_renderedNodeType": 0,
      "_rootNodeID": 0,
      "_topLevelWrapper": null,
      "_updateBatchNumber": null,
      "_warnedAboutRefsInRender": false,
    },
    "getRenderOutput": [Function],
    "render": [Function],
  },
  "root": [Circular],
  "unrendered": <CheckboxGroup
    defaultValue={
        Array [
            "basketball",
            "football",
          ]
    }
    direction="row"
    disabled={false}
    onChange={[Function]}
>
    <Checkbox
        disabled={false}
    >
        basketball
    </Checkbox>
    <Checkbox
        disabled={false}
    >
        football
    </Checkbox>
    <Checkbox
        disabled={false}
    >
        volleyball
    </Checkbox>
</CheckboxGroup>,
}
`;
