// Jest Snapshot v1, https://goo.gl/fbAQLP

exports[`Collapse ui 1`] = `
ShallowWrapper {
  "complexSelector": ComplexSelector {
    "buildPredicate": [Function],
    "childrenOfNode": [Function],
    "findWhereUnwrapped": [Function],
  },
  "length": 1,
  "node": <div
    className="collapse active"
>
    <CollapseTitle
        onClick={[Function]}
    >
        Title
    </CollapseTitle>
    <CollapseBody
        onClick={[Function]}
    >
        <div>
            1
        </div>
        <div>
            2
        </div>
        <div>
            3
        </div>
    </CollapseBody>
</div>,
  "nodes": Array [
    <div
      className="collapse active"
>
      <CollapseTitle
            onClick={[Function]}
      >
            Title
      </CollapseTitle>
      <CollapseBody
            onClick={[Function]}
      >
            <div>
                  1
            </div>
            <div>
                  2
            </div>
            <div>
                  3
            </div>
      </CollapseBody>
</div>,
  ],
  "options": Object {},
  "renderer": ReactShallowRenderer {
    "_instance": ShallowComponentWrapper {
      "_calledComponentWillUnmount": false,
      "_compositeType": 1,
      "_context": Object {},
      "_currentElement": <Collapse
        active={true}
>
        <CollapseTitle>
                Title
        </CollapseTitle>
        <CollapseBody>
                <div>
                        1
                </div>
                <div>
                        2
                </div>
                <div>
                        3
                </div>
        </CollapseBody>
</Collapse>,
      "_debugID": 13,
      "_hostContainerInfo": null,
      "_hostParent": null,
      "_instance": Collapse {
        "_reactInternalInstance": [Circular],
        "context": Object {},
        "props": Object {
          "active": true,
          "children": Array [
            <CollapseTitle>
              Title
</CollapseTitle>,
            <CollapseBody>
              <div>
                            1
              </div>
              <div>
                            2
              </div>
              <div>
                            3
              </div>
</CollapseBody>,
          ],
        },
        "refs": Object {},
        "state": Object {
          "active": true,
        },
        "toggleItemsHandle": [Function],
        "updater": Object {
          "enqueueCallback": [Function],
          "enqueueCallbackInternal": [Function],
          "enqueueElementInternal": [Function],
          "enqueueForceUpdate": [Function],
          "enqueueReplaceState": [Function],
          "enqueueSetState": [Function],
          "isMounted": [Function],
          "validateCallback": [Function],
        },
      },
      "_mountOrder": 1,
      "_pendingCallbacks": null,
      "_pendingElement": null,
      "_pendingForceUpdate": false,
      "_pendingReplaceState": false,
      "_pendingStateQueue": null,
      "_renderedComponent": NoopInternalComponent {
        "_currentElement": <div
          className="collapse active"
>
          <CollapseTitle
                    onClick={[Function]}
          >
                    Title
          </CollapseTitle>
          <CollapseBody
                    onClick={[Function]}
          >
                    <div>
                              1
                    </div>
                    <div>
                              2
                    </div>
                    <div>
                              3
                    </div>
          </CollapseBody>
</div>,
        "_debugID": 14,
        "_renderedOutput": <div
          className="collapse active"
>
          <CollapseTitle
                    onClick={[Function]}
          >
                    Title
          </CollapseTitle>
          <CollapseBody
                    onClick={[Function]}
          >
                    <div>
                              1
                    </div>
                    <div>
                              2
                    </div>
                    <div>
                              3
                    </div>
          </CollapseBody>
</div>,
      },
      "_renderedNodeType": 0,
      "_rootNodeID": 0,
      "_topLevelWrapper": null,
      "_updateBatchNumber": null,
      "_warnedAboutRefsInRender": false,
    },
    "getRenderOutput": [Function],
    "render": [Function],
  },
  "root": [Circular],
  "unrendered": <Collapse
    active={true}
>
    <CollapseTitle>
        Title
    </CollapseTitle>
    <CollapseBody>
        <div>
            1
        </div>
        <div>
            2
        </div>
        <div>
            3
        </div>
    </CollapseBody>
</Collapse>,
}
`;
