// Jest Snapshot v1, https://goo.gl/fbAQLP

exports[`Confirm ui 1`] = `
ShallowWrapper {
  "complexSelector": ComplexSelector {
    "buildPredicate": [Function],
    "childrenOfNode": [Function],
    "findWhereUnwrapped": [Function],
  },
  "length": 1,
  "node": <div
    className="confirm"
>
    <div
        className="confirm-dialog"
    >
        <div
            className="confirm-addon"
        >
            <i
                className="fa fa-exclamation-circle text-danger"
            />
        </div>
        <div
            className="confirm-body"
        >
            Confirm test
        </div>
        <div
            className="confirm-footer"
        >
            <div
                className="confirm-btn-sure"
                onClick={[Function]}
            >
                ok
            </div>
            <div
                className="confirm-btn-cancel"
                onClick={[Function]}
            >
                cancel
            </div>
        </div>
    </div>
</div>,
  "nodes": Array [
    <div
      className="confirm"
>
      <div
            className="confirm-dialog"
      >
            <div
                  className="confirm-addon"
            >
                  <i
                        className="fa fa-exclamation-circle text-danger"
                  />
            </div>
            <div
                  className="confirm-body"
            >
                  Confirm test
            </div>
            <div
                  className="confirm-footer"
            >
                  <div
                        className="confirm-btn-sure"
                        onClick={[Function]}
                  >
                        ok
                  </div>
                  <div
                        className="confirm-btn-cancel"
                        onClick={[Function]}
                  >
                        cancel
                  </div>
            </div>
      </div>
</div>,
  ],
  "options": Object {},
  "renderer": ReactShallowRenderer {
    "_instance": ShallowComponentWrapper {
      "_calledComponentWillUnmount": false,
      "_compositeType": 1,
      "_context": Object {},
      "_currentElement": <Confirm
        cancelText="cancel"
        okText="ok"
        onCancelClick={[Function]}
        onOkClick={[Function]}
        type="danger"
>
        Confirm test
</Confirm>,
      "_debugID": 1,
      "_hostContainerInfo": null,
      "_hostParent": null,
      "_instance": Confirm {
        "_reactInternalInstance": [Circular],
        "context": Object {},
        "getAddonByType": [Function],
        "props": Object {
          "cancelText": "cancel",
          "children": "Confirm test",
          "okText": "ok",
          "onCancelClick": [Function],
          "onOkClick": [Function],
          "type": "danger",
        },
        "refs": Object {},
        "state": null,
        "updater": Object {
          "enqueueCallback": [Function],
          "enqueueCallbackInternal": [Function],
          "enqueueElementInternal": [Function],
          "enqueueForceUpdate": [Function],
          "enqueueReplaceState": [Function],
          "enqueueSetState": [Function],
          "isMounted": [Function],
          "validateCallback": [Function],
        },
      },
      "_mountOrder": 1,
      "_pendingCallbacks": null,
      "_pendingElement": null,
      "_pendingForceUpdate": false,
      "_pendingReplaceState": false,
      "_pendingStateQueue": null,
      "_renderedComponent": NoopInternalComponent {
        "_currentElement": <div
          className="confirm"
>
          <div
                    className="confirm-dialog"
          >
                    <div
                              className="confirm-addon"
                    >
                              <i
                                        className="fa fa-exclamation-circle text-danger"
                              />
                    </div>
                    <div
                              className="confirm-body"
                    >
                              Confirm test
                    </div>
                    <div
                              className="confirm-footer"
                    >
                              <div
                                        className="confirm-btn-sure"
                                        onClick={[Function]}
                              >
                                        ok
                              </div>
                              <div
                                        className="confirm-btn-cancel"
                                        onClick={[Function]}
                              >
                                        cancel
                              </div>
                    </div>
          </div>
</div>,
        "_debugID": 2,
        "_renderedOutput": <div
          className="confirm"
>
          <div
                    className="confirm-dialog"
          >
                    <div
                              className="confirm-addon"
                    >
                              <i
                                        className="fa fa-exclamation-circle text-danger"
                              />
                    </div>
                    <div
                              className="confirm-body"
                    >
                              Confirm test
                    </div>
                    <div
                              className="confirm-footer"
                    >
                              <div
                                        className="confirm-btn-sure"
                                        onClick={[Function]}
                              >
                                        ok
                              </div>
                              <div
                                        className="confirm-btn-cancel"
                                        onClick={[Function]}
                              >
                                        cancel
                              </div>
                    </div>
          </div>
</div>,
      },
      "_renderedNodeType": 0,
      "_rootNodeID": 0,
      "_topLevelWrapper": null,
      "_updateBatchNumber": null,
      "_warnedAboutRefsInRender": false,
    },
    "getRenderOutput": [Function],
    "render": [Function],
  },
  "root": [Circular],
  "unrendered": <Confirm
    cancelText="cancel"
    okText="ok"
    onCancelClick={[Function]}
    onOkClick={[Function]}
    type="danger"
>
    Confirm test
</Confirm>,
}
`;
