// Jest Snapshot v1, https://goo.gl/fbAQLP

exports[`CheckboxGroup ui 1`] = `
ShallowWrapper {
  "complexSelector": ComplexSelector {
    "buildPredicate": [Function],
    "childrenOfNode": [Function],
    "findWhereUnwrapped": [Function],
  },
  "length": 1,
  "node": <div
    className="input"
    onMouseEnter={[Function]}
    onMouseLeave={[Function]}
>
    <input
        className="form-control input-field input-field-addon"
        defaultValue="2017-7-1"
        disabled={false}
        onClick={[Function]}
        placeholder={undefined}
        readOnly={true}
        style={undefined}
        type="text"
        value={undefined}
    />
    <i
        className="fa fa-calendar input-addon"
        onClick={[Function]}
    />
</div>,
  "nodes": Array [
    <div
      className="input"
      onMouseEnter={[Function]}
      onMouseLeave={[Function]}
>
      <input
            className="form-control input-field input-field-addon"
            defaultValue="2017-7-1"
            disabled={false}
            onClick={[Function]}
            placeholder={undefined}
            readOnly={true}
            style={undefined}
            type="text"
            value={undefined}
      />
      <i
            className="fa fa-calendar input-addon"
            onClick={[Function]}
      />
</div>,
  ],
  "options": Object {},
  "renderer": ReactShallowRenderer {
    "_instance": ShallowComponentWrapper {
      "_calledComponentWillUnmount": false,
      "_compositeType": 1,
      "_context": Object {},
      "_currentElement": <Input
        clearable={true}
        defaultValue="2017-7-1"
        disabled={false}
        firstDayOfWeek={1}
        maxDate="2018-7-1"
        minDate="2017-7-1"
        onChange={[Function]}
        onSelect={[Function]}
        showToday={true}
        todayText="today"
        type="date"
/>,
      "_debugID": 6,
      "_hostContainerInfo": null,
      "_hostParent": null,
      "_instance": Input {
        "_reactInternalInstance": [Circular],
        "clearInputHandle": [Function],
        "context": Object {},
        "hideClearHandle": [Function],
        "hideOptionsHandle": [Function],
        "props": Object {
          "clearable": true,
          "defaultValue": "2017-7-1",
          "disabled": false,
          "firstDayOfWeek": 1,
          "maxDate": "2018-7-1",
          "minDate": "2017-7-1",
          "onChange": [Function],
          "onSelect": [Function],
          "showToday": true,
          "todayText": "today",
          "type": "date",
        },
        "refs": Object {},
        "selectOptionsHandle": [Function],
        "showClearHandle": [Function],
        "showOptionHandle": [Function],
        "state": Object {
          "showClear": false,
          "showOption": false,
        },
        "updater": Object {
          "enqueueCallback": [Function],
          "enqueueCallbackInternal": [Function],
          "enqueueElementInternal": [Function],
          "enqueueForceUpdate": [Function],
          "enqueueReplaceState": [Function],
          "enqueueSetState": [Function],
          "isMounted": [Function],
          "validateCallback": [Function],
        },
      },
      "_mountOrder": 1,
      "_pendingCallbacks": null,
      "_pendingElement": null,
      "_pendingForceUpdate": false,
      "_pendingReplaceState": false,
      "_pendingStateQueue": null,
      "_renderedComponent": NoopInternalComponent {
        "_currentElement": <div
          className="input"
          onMouseEnter={[Function]}
          onMouseLeave={[Function]}
>
          <input
                    className="form-control input-field input-field-addon"
                    defaultValue="2017-7-1"
                    disabled={false}
                    onClick={[Function]}
                    placeholder={undefined}
                    readOnly={true}
                    style={undefined}
                    type="text"
                    value={undefined}
          />
          <i
                    className="fa fa-calendar input-addon"
                    onClick={[Function]}
          />
</div>,
        "_debugID": 7,
        "_renderedOutput": <div
          className="input"
          onMouseEnter={[Function]}
          onMouseLeave={[Function]}
>
          <input
                    className="form-control input-field input-field-addon"
                    defaultValue="2017-7-1"
                    disabled={false}
                    onClick={[Function]}
                    placeholder={undefined}
                    readOnly={true}
                    style={undefined}
                    type="text"
                    value={undefined}
          />
          <i
                    className="fa fa-calendar input-addon"
                    onClick={[Function]}
          />
</div>,
      },
      "_renderedNodeType": 0,
      "_rootNodeID": 0,
      "_topLevelWrapper": null,
      "_updateBatchNumber": null,
      "_warnedAboutRefsInRender": false,
    },
    "getRenderOutput": [Function],
    "render": [Function],
  },
  "root": [Circular],
  "unrendered": <Input
    clearable={true}
    defaultValue="2017-7-1"
    disabled={false}
    firstDayOfWeek={1}
    maxDate="2018-7-1"
    minDate="2017-7-1"
    onChange={[Function]}
    onSelect={[Function]}
    showToday={true}
    todayText="today"
    type="date"
/>,
}
`;
