// Jest Snapshot v1, https://goo.gl/fbAQLP

exports[`Icon ui 1`] = `
ShallowWrapper {
  "complexSelector": ComplexSelector {
    "buildPredicate": [Function],
    "childrenOfNode": [Function],
    "findWhereUnwrapped": [Function],
  },
  "length": 1,
  "node": <i
    className="fa fa-arrow fa-lg offset-l"
/>,
  "nodes": Array [
    <i
      className="fa fa-arrow fa-lg offset-l"
/>,
  ],
  "options": Object {},
  "renderer": ReactShallowRenderer {
    "_instance": ShallowComponentWrapper {
      "_calledComponentWillUnmount": false,
      "_compositeType": 1,
      "_context": Object {},
      "_currentElement": <Icon
        left={false}
        right={true}
        size="lg"
        type="arrow"
/>,
      "_debugID": 1,
      "_hostContainerInfo": null,
      "_hostParent": null,
      "_instance": Icon {
        "_reactInternalInstance": [Circular],
        "context": Object {},
        "props": Object {
          "left": false,
          "right": true,
          "size": "lg",
          "type": "arrow",
        },
        "refs": Object {},
        "state": null,
        "updater": Object {
          "enqueueCallback": [Function],
          "enqueueCallbackInternal": [Function],
          "enqueueElementInternal": [Function],
          "enqueueForceUpdate": [Function],
          "enqueueReplaceState": [Function],
          "enqueueSetState": [Function],
          "isMounted": [Function],
          "validateCallback": [Function],
        },
      },
      "_mountOrder": 1,
      "_pendingCallbacks": null,
      "_pendingElement": null,
      "_pendingForceUpdate": false,
      "_pendingReplaceState": false,
      "_pendingStateQueue": null,
      "_renderedComponent": NoopInternalComponent {
        "_currentElement": <i
          className="fa fa-arrow fa-lg offset-l"
/>,
        "_debugID": 2,
        "_renderedOutput": <i
          className="fa fa-arrow fa-lg offset-l"
/>,
      },
      "_renderedNodeType": 0,
      "_rootNodeID": 0,
      "_topLevelWrapper": null,
      "_updateBatchNumber": null,
      "_warnedAboutRefsInRender": false,
    },
    "getRenderOutput": [Function],
    "render": [Function],
  },
  "root": [Circular],
  "unrendered": <Icon
    left={false}
    right={true}
    size="lg"
    type="arrow"
/>,
}
`;
