// Jest Snapshot v1, https://goo.gl/fbAQLP

exports[`Button ui 1`] = `
ShallowWrapper {
  "complexSelector": ComplexSelector {
    "buildPredicate": [Function],
    "childrenOfNode": [Function],
    "findWhereUnwrapped": [Function],
  },
  "length": 1,
  "node": <img
    className="img-fluid img-rounded img-circle img-thumbnail"
/>,
  "nodes": Array [
    <img
      className="img-fluid img-rounded img-circle img-thumbnail"
/>,
  ],
  "options": Object {},
  "renderer": ReactShallowRenderer {
    "_instance": ShallowComponentWrapper {
      "_calledComponentWillUnmount": false,
      "_compositeType": 1,
      "_context": Object {},
      "_currentElement": <Image
        circle={true}
        fluid={true}
        rounded={true}
        thumbnail={true}
/>,
      "_debugID": 1,
      "_hostContainerInfo": null,
      "_hostParent": null,
      "_instance": Image {
        "_reactInternalInstance": [Circular],
        "context": Object {},
        "props": Object {
          "circle": true,
          "fluid": true,
          "rounded": true,
          "thumbnail": true,
        },
        "refs": Object {},
        "state": null,
        "updater": Object {
          "enqueueCallback": [Function],
          "enqueueCallbackInternal": [Function],
          "enqueueElementInternal": [Function],
          "enqueueForceUpdate": [Function],
          "enqueueReplaceState": [Function],
          "enqueueSetState": [Function],
          "isMounted": [Function],
          "validateCallback": [Function],
        },
      },
      "_mountOrder": 1,
      "_pendingCallbacks": null,
      "_pendingElement": null,
      "_pendingForceUpdate": false,
      "_pendingReplaceState": false,
      "_pendingStateQueue": null,
      "_renderedComponent": NoopInternalComponent {
        "_currentElement": <img
          className="img-fluid img-rounded img-circle img-thumbnail"
/>,
        "_debugID": 2,
        "_renderedOutput": <img
          className="img-fluid img-rounded img-circle img-thumbnail"
/>,
      },
      "_renderedNodeType": 0,
      "_rootNodeID": 0,
      "_topLevelWrapper": null,
      "_updateBatchNumber": null,
      "_warnedAboutRefsInRender": false,
    },
    "getRenderOutput": [Function],
    "render": [Function],
  },
  "root": [Circular],
  "unrendered": <Image
    circle={true}
    fluid={true}
    rounded={true}
    thumbnail={true}
/>,
}
`;
