// Jest Snapshot v1, https://goo.gl/fbAQLP

exports[`Input ui 1`] = `
ShallowWrapper {
  "complexSelector": ComplexSelector {
    "buildPredicate": [Function],
    "childrenOfNode": [Function],
    "findWhereUnwrapped": [Function],
  },
  "length": 1,
  "node": <div
    className="input"
>
    <input
        className="form-control input-pill input-field"
        defaultValue="default"
        disabled={false}
        placeholder="请输入"
        style={undefined}
        type="text"
        value={undefined}
    />
</div>,
  "nodes": Array [
    <div
      className="input"
>
      <input
            className="form-control input-pill input-field"
            defaultValue="default"
            disabled={false}
            placeholder="请输入"
            style={undefined}
            type="text"
            value={undefined}
      />
</div>,
  ],
  "options": Object {},
  "renderer": ReactShallowRenderer {
    "_instance": ShallowComponentWrapper {
      "_calledComponentWillUnmount": false,
      "_compositeType": 1,
      "_context": Object {},
      "_currentElement": <Input
        clearable={true}
        defaultValue="default"
        disabled={false}
        pill={true}
        placeholder="请输入"
        type="text"
/>,
      "_debugID": 1,
      "_hostContainerInfo": null,
      "_hostParent": null,
      "_instance": Input {
        "_reactInternalInstance": [Circular],
        "clearInputHandle": [Function],
        "context": Object {},
        "hideClearHandle": [Function],
        "hideOptionsHandle": [Function],
        "props": Object {
          "clearable": true,
          "defaultValue": "default",
          "disabled": false,
          "pill": true,
          "placeholder": "请输入",
          "type": "text",
        },
        "refs": Object {},
        "selectOptionsHandle": [Function],
        "showClearHandle": [Function],
        "showOptionHandle": [Function],
        "state": Object {
          "showClear": false,
          "showOption": false,
        },
        "updater": Object {
          "enqueueCallback": [Function],
          "enqueueCallbackInternal": [Function],
          "enqueueElementInternal": [Function],
          "enqueueForceUpdate": [Function],
          "enqueueReplaceState": [Function],
          "enqueueSetState": [Function],
          "isMounted": [Function],
          "validateCallback": [Function],
        },
      },
      "_mountOrder": 1,
      "_pendingCallbacks": null,
      "_pendingElement": null,
      "_pendingForceUpdate": false,
      "_pendingReplaceState": false,
      "_pendingStateQueue": null,
      "_renderedComponent": NoopInternalComponent {
        "_currentElement": <div
          className="input"
>
          <input
                    className="form-control input-pill input-field"
                    defaultValue="default"
                    disabled={false}
                    placeholder="请输入"
                    style={undefined}
                    type="text"
                    value={undefined}
          />
</div>,
        "_debugID": 2,
        "_renderedOutput": <div
          className="input"
>
          <input
                    className="form-control input-pill input-field"
                    defaultValue="default"
                    disabled={false}
                    placeholder="请输入"
                    style={undefined}
                    type="text"
                    value={undefined}
          />
</div>,
      },
      "_renderedNodeType": 0,
      "_rootNodeID": 0,
      "_topLevelWrapper": null,
      "_updateBatchNumber": null,
      "_warnedAboutRefsInRender": false,
    },
    "getRenderOutput": [Function],
    "render": [Function],
  },
  "root": [Circular],
  "unrendered": <Input
    clearable={true}
    defaultValue="default"
    disabled={false}
    pill={true}
    placeholder="请输入"
    type="text"
/>,
}
`;
