// Jest Snapshot v1, https://goo.gl/fbAQLP

exports[`ListGroup ui 1`] = `
ShallowWrapper {
  "complexSelector": ComplexSelector {
    "buildPredicate": [Function],
    "childrenOfNode": [Function],
    "findWhereUnwrapped": [Function],
  },
  "length": 1,
  "node": <ul
    className="list-group"
>
    <ListGroupItem
        disabled={true}
        href="/listGroup"
    >
        ListGroup1
    </ListGroupItem>
    <ListGroupItem
        active={true}
    >
        ListGroup2
    </ListGroupItem>
</ul>,
  "nodes": Array [
    <ul
      className="list-group"
>
      <ListGroupItem
            disabled={true}
            href="/listGroup"
      >
            ListGroup1
      </ListGroupItem>
      <ListGroupItem
            active={true}
      >
            ListGroup2
      </ListGroupItem>
</ul>,
  ],
  "options": Object {},
  "renderer": ReactShallowRenderer {
    "_instance": ShallowComponentWrapper {
      "_calledComponentWillUnmount": false,
      "_compositeType": 2,
      "_context": Object {},
      "_currentElement": <ListGroup>
        <ListGroupItem
                disabled={true}
                href="/listGroup"
        >
                ListGroup1
        </ListGroupItem>
        <ListGroupItem
                active={true}
        >
                ListGroup2
        </ListGroupItem>
</ListGroup>,
      "_debugID": 1,
      "_hostContainerInfo": null,
      "_hostParent": null,
      "_instance": StatelessComponent {
        "_reactInternalInstance": [Circular],
        "context": Object {},
        "props": Object {
          "children": Array [
            <ListGroupItem
              disabled={true}
              href="/listGroup"
>
              ListGroup1
</ListGroupItem>,
            <ListGroupItem
              active={true}
>
              ListGroup2
</ListGroupItem>,
          ],
        },
        "refs": Object {},
        "state": null,
        "updater": Object {
          "enqueueCallback": [Function],
          "enqueueCallbackInternal": [Function],
          "enqueueElementInternal": [Function],
          "enqueueForceUpdate": [Function],
          "enqueueReplaceState": [Function],
          "enqueueSetState": [Function],
          "isMounted": [Function],
          "validateCallback": [Function],
        },
      },
      "_mountOrder": 1,
      "_pendingCallbacks": null,
      "_pendingElement": null,
      "_pendingForceUpdate": false,
      "_pendingReplaceState": false,
      "_pendingStateQueue": null,
      "_renderedComponent": NoopInternalComponent {
        "_currentElement": <ul
          className="list-group"
>
          <ListGroupItem
                    disabled={true}
                    href="/listGroup"
          >
                    ListGroup1
          </ListGroupItem>
          <ListGroupItem
                    active={true}
          >
                    ListGroup2
          </ListGroupItem>
</ul>,
        "_debugID": 2,
        "_renderedOutput": <ul
          className="list-group"
>
          <ListGroupItem
                    disabled={true}
                    href="/listGroup"
          >
                    ListGroup1
          </ListGroupItem>
          <ListGroupItem
                    active={true}
          >
                    ListGroup2
          </ListGroupItem>
</ul>,
      },
      "_renderedNodeType": 0,
      "_rootNodeID": 0,
      "_topLevelWrapper": null,
      "_updateBatchNumber": null,
      "_warnedAboutRefsInRender": false,
    },
    "getRenderOutput": [Function],
    "render": [Function],
  },
  "root": [Circular],
  "unrendered": <ListGroup>
    <ListGroupItem
        disabled={true}
        href="/listGroup"
    >
        ListGroup1
    </ListGroupItem>
    <ListGroupItem
        active={true}
    >
        ListGroup2
    </ListGroupItem>
</ListGroup>,
}
`;
