// Jest Snapshot v1, https://goo.gl/fbAQLP

exports[`Pagination ui 1`] = `
ShallowWrapper {
  "complexSelector": ComplexSelector {
    "buildPredicate": [Function],
    "childrenOfNode": [Function],
    "findWhereUnwrapped": [Function],
  },
  "length": 1,
  "node": <ul
    className="Pagination"
    onSelect={[Function]}
    scope={3}
>
    <li
        className="page-item disabled"
    >
        <a
            className="page-link"
            href="javascript:void(0);"
            onClick={[Function]}
        >
            <i
                className="fa fa-angle-left"
            />
        </a>
    </li>
    <li
        className="page-item active"
    >
        <a
            className="page-link"
            href="javascript:void(0);"
            onClick={[Function]}
        >
            1
        </a>
    </li>
    <li
        className="page-item"
    >
        <a
            className="page-link"
            href="javascript:void(0);"
            onClick={[Function]}
        >
            2
        </a>
    </li>
    <li
        className="page-item"
    >
        <a
            className="page-link"
            href="javascript:void(0);"
            onClick={[Function]}
        >
            3
        </a>
    </li>
    <li
        className="page-item"
    >
        <a
            className="page-link"
            href="javascript:void(0);"
            onClick={[Function]}
        >
            4
        </a>
    </li>
    <li
        className="page-item disabled"
    >
        <i
            className="fa fa-ellipsis-h"
        />
    </li>
    <li
        className="page-item"
    >
        <a
            className="page-link"
            href="javascript:void(0);"
            onClick={[Function]}
        >
            <i
                className="fa fa-angle-right"
            />
        </a>
    </li>
</ul>,
  "nodes": Array [
    <ul
      className="Pagination"
      onSelect={[Function]}
      scope={3}
>
      <li
            className="page-item disabled"
      >
            <a
                  className="page-link"
                  href="javascript:void(0);"
                  onClick={[Function]}
            >
                  <i
                        className="fa fa-angle-left"
                  />
            </a>
      </li>
      <li
            className="page-item active"
      >
            <a
                  className="page-link"
                  href="javascript:void(0);"
                  onClick={[Function]}
            >
                  1
            </a>
      </li>
      <li
            className="page-item"
      >
            <a
                  className="page-link"
                  href="javascript:void(0);"
                  onClick={[Function]}
            >
                  2
            </a>
      </li>
      <li
            className="page-item"
      >
            <a
                  className="page-link"
                  href="javascript:void(0);"
                  onClick={[Function]}
            >
                  3
            </a>
      </li>
      <li
            className="page-item"
      >
            <a
                  className="page-link"
                  href="javascript:void(0);"
                  onClick={[Function]}
            >
                  4
            </a>
      </li>
      <li
            className="page-item disabled"
      >
            <i
                  className="fa fa-ellipsis-h"
            />
      </li>
      <li
            className="page-item"
      >
            <a
                  className="page-link"
                  href="javascript:void(0);"
                  onClick={[Function]}
            >
                  <i
                        className="fa fa-angle-right"
                  />
            </a>
      </li>
</ul>,
  ],
  "options": Object {},
  "renderer": ReactShallowRenderer {
    "_instance": ShallowComponentWrapper {
      "_calledComponentWillUnmount": false,
      "_compositeType": 1,
      "_context": Object {},
      "_currentElement": <Pagination
        activePage={1}
        ellipsis={true}
        onSelect={[Function]}
        scope={3}
        totalPage={10}
/>,
      "_debugID": 1,
      "_hostContainerInfo": null,
      "_hostParent": null,
      "_instance": Pagination {
        "_reactInternalInstance": [Circular],
        "context": Object {},
        "goPageHandle": [Function],
        "nextPageHandle": [Function],
        "prevPageHandle": [Function],
        "props": Object {
          "activePage": 1,
          "ellipsis": true,
          "onSelect": [Function],
          "scope": 3,
          "totalPage": 10,
        },
        "refs": Object {},
        "state": null,
        "updater": Object {
          "enqueueCallback": [Function],
          "enqueueCallbackInternal": [Function],
          "enqueueElementInternal": [Function],
          "enqueueForceUpdate": [Function],
          "enqueueReplaceState": [Function],
          "enqueueSetState": [Function],
          "isMounted": [Function],
          "validateCallback": [Function],
        },
      },
      "_mountOrder": 1,
      "_pendingCallbacks": null,
      "_pendingElement": null,
      "_pendingForceUpdate": false,
      "_pendingReplaceState": false,
      "_pendingStateQueue": null,
      "_renderedComponent": NoopInternalComponent {
        "_currentElement": <ul
          className="Pagination"
          onSelect={[Function]}
          scope={3}
>
          <li
                    className="page-item disabled"
          >
                    <a
                              className="page-link"
                              href="javascript:void(0);"
                              onClick={[Function]}
                    >
                              <i
                                        className="fa fa-angle-left"
                              />
                    </a>
          </li>
          <li
                    className="page-item active"
          >
                    <a
                              className="page-link"
                              href="javascript:void(0);"
                              onClick={[Function]}
                    >
                              1
                    </a>
          </li>
          <li
                    className="page-item"
          >
                    <a
                              className="page-link"
                              href="javascript:void(0);"
                              onClick={[Function]}
                    >
                              2
                    </a>
          </li>
          <li
                    className="page-item"
          >
                    <a
                              className="page-link"
                              href="javascript:void(0);"
                              onClick={[Function]}
                    >
                              3
                    </a>
          </li>
          <li
                    className="page-item"
          >
                    <a
                              className="page-link"
                              href="javascript:void(0);"
                              onClick={[Function]}
                    >
                              4
                    </a>
          </li>
          <li
                    className="page-item disabled"
          >
                    <i
                              className="fa fa-ellipsis-h"
                    />
          </li>
          <li
                    className="page-item"
          >
                    <a
                              className="page-link"
                              href="javascript:void(0);"
                              onClick={[Function]}
                    >
                              <i
                                        className="fa fa-angle-right"
                              />
                    </a>
          </li>
</ul>,
        "_debugID": 2,
        "_renderedOutput": <ul
          className="Pagination"
          onSelect={[Function]}
          scope={3}
>
          <li
                    className="page-item disabled"
          >
                    <a
                              className="page-link"
                              href="javascript:void(0);"
                              onClick={[Function]}
                    >
                              <i
                                        className="fa fa-angle-left"
                              />
                    </a>
          </li>
          <li
                    className="page-item active"
          >
                    <a
                              className="page-link"
                              href="javascript:void(0);"
                              onClick={[Function]}
                    >
                              1
                    </a>
          </li>
          <li
                    className="page-item"
          >
                    <a
                              className="page-link"
                              href="javascript:void(0);"
                              onClick={[Function]}
                    >
                              2
                    </a>
          </li>
          <li
                    className="page-item"
          >
                    <a
                              className="page-link"
                              href="javascript:void(0);"
                              onClick={[Function]}
                    >
                              3
                    </a>
          </li>
          <li
                    className="page-item"
          >
                    <a
                              className="page-link"
                              href="javascript:void(0);"
                              onClick={[Function]}
                    >
                              4
                    </a>
          </li>
          <li
                    className="page-item disabled"
          >
                    <i
                              className="fa fa-ellipsis-h"
                    />
          </li>
          <li
                    className="page-item"
          >
                    <a
                              className="page-link"
                              href="javascript:void(0);"
                              onClick={[Function]}
                    >
                              <i
                                        className="fa fa-angle-right"
                              />
                    </a>
          </li>
</ul>,
      },
      "_renderedNodeType": 0,
      "_rootNodeID": 0,
      "_topLevelWrapper": null,
      "_updateBatchNumber": null,
      "_warnedAboutRefsInRender": false,
    },
    "getRenderOutput": [Function],
    "render": [Function],
  },
  "root": [Circular],
  "unrendered": <Pagination
    activePage={1}
    ellipsis={true}
    onSelect={[Function]}
    scope={3}
    totalPage={10}
/>,
}
`;
